../Core/Src/stm32f0xx_hal_msp.c:66:6:HAL_MspInit	8	static
../Core/Src/stm32f0xx_hal_msp.c:88:6:HAL_ADC_MspInit	48	static
../Core/Src/stm32f0xx_hal_msp.c:141:6:HAL_ADC_MspDeInit	8	static
../Core/Src/stm32f0xx_hal_msp.c:174:6:HAL_SPI_MspInit	56	static
../Core/Src/stm32f0xx_hal_msp.c:243:6:HAL_SPI_MspDeInit	8	static
../Core/Src/stm32f0xx_hal_msp.c:279:6:HAL_TIM_Base_MspInit	16	static
../Core/Src/stm32f0xx_hal_msp.c:304:6:HAL_TIM_Base_MspDeInit	8	static
../Core/Src/stm32f0xx_hal_msp.c:329:6:HAL_UART_MspInit	40	static
../Core/Src/stm32f0xx_hal_msp.c:365:6:HAL_UART_MspDeInit	8	static
